WWWWWWWWWWWWWWWWWWWWWWWWWWWWWWWWWWWWWWWWWWWWWWWWWWWWWWWWWWWW
WWWW,,,W......................WWWWWWWWWWWWWWWWWWWWWWWWWWWWWW
WWWW,,,E......................WWWWWWWWWWWWWWWWWWWWWWWWWWWWWW
WWWW,,,W......................WWWWWWWWWWWWWWWWWWWWWWWWWWWWWW
WWWWWWWWWWWWWWWWWWWWWWWWWW....WWWWWWWWWWWWWWWWWWWWWWWWWWWWWW
W.............................W............................W
W.............................W............................W
W..G..........................W............................W
WWWDWWWWWWWWWWWWWWWWWWWWWWWWWWW............................W
W....W..........W.............W......................WWWWWWW
W....W..........W.............F......................F.....W
W....W..........W.............D......................D...G.W
W....WWWWWWW....W.............WWWWWWWWWWWWWWWWWWWWWWWWWWWDWW
W....F..........W.............W...........W............W...W
W....D..........W.............W...........W............W...W
W....WWWWWWWWWWWWWWWWWWWWWWWWWW...........WW...........W...W
W....W.....................W..............W................W
W..........................F......W.......W................W
W........G.................D......W......WWW...............W
WWWWWWWWWDWWWWWWWWWWWWWWWWWW...............................W
W..........................W..............G................W
W..........................WWWWWWWWWWWWWWWDWWWWWWWWWWWWWWWWW
W.............G............W...............W...............W
WWWWWWWWWWWWWWDWWWWWWWWWWWWW...............W...............W
WWWWWWWWW..................W...............................W
WWWWWWWWW..................W...............................W
WWWWWWWWWWWWWWWWWWWWWWWWWWWWWWWWWWWWWWWWWWWWWWWWWWWWWWWWWWWW
